Feb 29 10:44:30 VdacHUB kernel: Linux version 5.15.133.1-microsoft-standard-WSL2 (root@1c602f52c2e4) (gcc (GCC) 11.2.0, GNU ld (GNU Binutils) 2.37) #1 SMP Thu Oct 5 21:02:42 UTC 2023
Feb 29 10:44:30 VdacHUB kernel: Command line: initrd=\initrd.img WSL_ROOT_INIT=1 panic=-1 nr_cpus=4 bonding.max_bonds=0 dummy.numdummies=0 fb_tunnels=none swiotlb=force console=hvc0 debug pty.legacy_count=0
Feb 29 10:44:30 VdacHUB kernel: KERNEL supported cpus:
Feb 29 10:44:30 VdacHUB kernel:   Intel GenuineIntel
Feb 29 10:44:30 VdacHUB kernel:   AMD AuthenticAMD
Feb 29 10:44:30 VdacHUB kernel:   Centaur CentaurHauls
Feb 29 10:44:30 VdacHUB kernel: BIOS-provided physical RAM map:
Feb 29 10:44:30 VdacHUB kernel: BIOS-e820: [mem 0x0000000000000000-0x000000000009ffff] usable
Feb 29 10:44:30 VdacHUB kernel: BIOS-e820: [mem 0x00000000000e0000-0x00000000000e0fff] reserved
Feb 29 10:44:30 VdacHUB kernel: BIOS-e820: [mem 0x0000000000100000-0x00000000001fffff] ACPI data
Feb 29 10:44:30 VdacHUB kernel: BIOS-e820: [mem 0x0000000000200000-0x00000000f7ffffff] usable
Feb 29 10:44:30 VdacHUB kernel: BIOS-e820: [mem 0x0000000100000000-0x0000000105ffffff] usable
Feb 29 10:44:30 VdacHUB kernel: NX (Execute Disable) protection: active
Feb 29 10:44:30 VdacHUB kernel: DMI not present or invalid.
Feb 29 10:44:30 VdacHUB kernel: Hypervisor detected: Microsoft Hyper-V
Feb 29 10:44:30 VdacHUB kernel: Hyper-V: privilege flags low 0x2e7f, high 0x3b8030, hints 0x62c2c, misc 0x24bed7b6
Feb 29 10:44:30 VdacHUB kernel: Hyper-V Host Build:19041-10.0-3-0.3693
Feb 29 10:44:30 VdacHUB kernel: Hyper-V: Nested features: 0x0
Feb 29 10:44:30 VdacHUB kernel: Hyper-V: LAPIC Timer Frequency: 0x1e8480
Feb 29 10:44:30 VdacHUB kernel: Hyper-V: Using hypercall for remote TLB flush
Feb 29 10:44:30 VdacHUB kernel: clocksource: hyperv_clocksource_tsc_page: mask: 0xffffffffffffffff max_cycles: 0x24e6a1710, max_idle_ns: 440795202120 ns
Feb 29 10:44:30 VdacHUB kernel: tsc: Marking TSC unstable due to running on Hyper-V
Feb 29 10:44:30 VdacHUB kernel: tsc: Detected 3192.607 MHz processor
Feb 29 10:44:30 VdacHUB kernel: e820: update [mem 0x00000000-0x00000fff] usable ==> reserved
Feb 29 10:44:30 VdacHUB kernel: e820: remove [mem 0x000a0000-0x000fffff] usable
Feb 29 10:44:30 VdacHUB kernel: last_pfn = 0x106000 max_arch_pfn = 0x400000000
Feb 29 10:44:30 VdacHUB kernel: x86/PAT: Configuration [0-7]: WB  WC  UC- UC  WB  WP  UC- WT  
Feb 29 10:44:30 VdacHUB kernel: last_pfn = 0xf8000 max_arch_pfn = 0x400000000
Feb 29 10:44:30 VdacHUB kernel: Using GB pages for direct mapping
Feb 29 10:44:30 VdacHUB kernel: RAMDISK: [mem 0x03de5000-0x03fe6fff]
Feb 29 10:44:30 VdacHUB kernel: ACPI: Early table checksum verification disabled
Feb 29 10:44:30 VdacHUB kernel: ACPI: RSDP 0x00000000000E0000 000024 (v02 VRTUAL)
Feb 29 10:44:30 VdacHUB kernel: ACPI: XSDT 0x0000000000100000 000044 (v01 VRTUAL MICROSFT 00000001 MSFT 00000001)
Feb 29 10:44:30 VdacHUB kernel: ACPI: FACP 0x0000000000101000 000114 (v06 VRTUAL MICROSFT 00000001 MSFT 00000001)
Feb 29 10:44:30 VdacHUB kernel: ACPI: DSDT 0x00000000001011B8 01E184 (v02 MSFTVM DSDT01   00000001 MSFT 05000000)
Feb 29 10:44:30 VdacHUB kernel: ACPI: FACS 0x0000000000101114 000040
Feb 29 10:44:30 VdacHUB kernel: ACPI: OEM0 0x0000000000101154 000064 (v01 VRTUAL MICROSFT 00000001 MSFT 00000001)
Feb 29 10:44:30 VdacHUB kernel: ACPI: SRAT 0x000000000011F33C 000250 (v02 VRTUAL MICROSFT 00000001 MSFT 00000001)
Feb 29 10:44:30 VdacHUB kernel: ACPI: APIC 0x000000000011F58C 000068 (v04 VRTUAL MICROSFT 00000001 MSFT 00000001)
Feb 29 10:44:30 VdacHUB kernel: ACPI: Reserving FACP table memory at [mem 0x101000-0x101113]
Feb 29 10:44:30 VdacHUB kernel: ACPI: Reserving DSDT table memory at [mem 0x1011b8-0x11f33b]
Feb 29 10:44:30 VdacHUB kernel: ACPI: Reserving FACS table memory at [mem 0x101114-0x101153]
Feb 29 10:44:30 VdacHUB kernel: ACPI: Reserving OEM0 table memory at [mem 0x101154-0x1011b7]
Feb 29 10:44:30 VdacHUB kernel: ACPI: Reserving SRAT table memory at [mem 0x11f33c-0x11f58b]
Feb 29 10:44:30 VdacHUB kernel: ACPI: Reserving APIC table memory at [mem 0x11f58c-0x11f5f3]
Feb 29 10:44:30 VdacHUB kernel: Zone ranges:
Feb 29 10:44:30 VdacHUB kernel:   DMA      [mem 0x0000000000001000-0x0000000000ffffff]
Feb 29 10:44:30 VdacHUB kernel:   DMA32    [mem 0x0000000001000000-0x00000000ffffffff]
Feb 29 10:44:30 VdacHUB kernel:   Normal   [mem 0x0000000100000000-0x0000000105ffffff]
Feb 29 10:44:30 VdacHUB kernel:   Device   empty
Feb 29 10:44:30 VdacHUB kernel: Movable zone start for each node
Feb 29 10:44:30 VdacHUB kernel: Early memory node ranges
Feb 29 10:44:30 VdacHUB kernel:   node   0: [mem 0x0000000000001000-0x000000000009ffff]
Feb 29 10:44:30 VdacHUB kernel:   node   0: [mem 0x0000000000200000-0x00000000f7ffffff]
Feb 29 10:44:30 VdacHUB kernel:   node   0: [mem 0x0000000100000000-0x0000000105ffffff]
Feb 29 10:44:30 VdacHUB kernel: Initmem setup node 0 [mem 0x0000000000001000-0x0000000105ffffff]
Feb 29 10:44:30 VdacHUB kernel: On node 0, zone DMA: 1 pages in unavailable ranges
Feb 29 10:44:30 VdacHUB kernel: On node 0, zone DMA: 352 pages in unavailable ranges
Feb 29 10:44:30 VdacHUB kernel: On node 0, zone Normal: 8192 pages in unavailable ranges
Feb 29 10:44:30 VdacHUB kernel: ACPI: LAPIC_NMI (acpi_id[0x01] dfl dfl lint[0x1])
Feb 29 10:44:30 VdacHUB kernel: IOAPIC[0]: apic_id 4, version 17, address 0xfec00000, GSI 0-23
Feb 29 10:44:30 VdacHUB kernel: ACPI: INT_SRC_OVR (bus 0 bus_irq 9 global_irq 9 high level)
Feb 29 10:44:30 VdacHUB kernel: ACPI: Using ACPI (MADT) for SMP configuration information
Feb 29 10:44:30 VdacHUB kernel: smpboot: Allowing 4 CPUs, 0 hotplug CPUs
Feb 29 10:44:30 VdacHUB kernel: [mem 0xf8000000-0xffffffff] available for PCI devices
Feb 29 10:44:30 VdacHUB kernel: Booting paravirtualized kernel on Hyper-V
Feb 29 10:44:30 VdacHUB kernel: clocksource: refined-jiffies: mask: 0xffffffff max_cycles: 0xffffffff, max_idle_ns: 19112604462750000 ns
Feb 29 10:44:30 VdacHUB kernel: setup_percpu: NR_CPUS:256 nr_cpumask_bits:256 nr_cpu_ids:4 nr_node_ids:1
Feb 29 10:44:30 VdacHUB kernel: percpu: Embedded 53 pages/cpu s177624 r8192 d31272 u524288
Feb 29 10:44:30 VdacHUB kernel: pcpu-alloc: s177624 r8192 d31272 u524288 alloc=1*2097152
Feb 29 10:44:30 VdacHUB kernel: pcpu-alloc: [0] 0 1 2 3 
Feb 29 10:44:30 VdacHUB kernel: Hyper-V: PV spinlocks enabled
Feb 29 10:44:30 VdacHUB kernel: PV qspinlock hash table entries: 256 (order: 0, 4096 bytes, linear)
Feb 29 10:44:30 VdacHUB kernel: Built 1 zonelists, mobility grouping on.  Total pages: 1023109
Feb 29 10:44:30 VdacHUB kernel: Kernel command line: initrd=\initrd.img WSL_ROOT_INIT=1 panic=-1 nr_cpus=4 bonding.max_bonds=0 dummy.numdummies=0 fb_tunnels=none swiotlb=force console=hvc0 debug pty.legacy_count=0
Feb 29 10:44:30 VdacHUB kernel: Unknown kernel command line parameters "WSL_ROOT_INIT=1", will be passed to user space.
Feb 29 10:44:30 VdacHUB kernel: Dentry cache hash table entries: 524288 (order: 10, 4194304 bytes, linear)
Feb 29 10:44:30 VdacHUB kernel: Inode-cache hash table entries: 262144 (order: 9, 2097152 bytes, linear)
Feb 29 10:44:30 VdacHUB kernel: mem auto-init: stack:off, heap alloc:off, heap free:off
Feb 29 10:44:30 VdacHUB kernel: Memory: 3975228K/4160124K available (18452K kernel code, 2632K rwdata, 9736K rodata, 2008K init, 1780K bss, 184636K reserved, 0K cma-reserved)
Feb 29 10:44:30 VdacHUB kernel: SLUB: HWalign=64, Order=0-3, MinObjects=0, CPUs=4, Nodes=1
Feb 29 10:44:30 VdacHUB kernel: Kernel/User page tables isolation: enabled
Feb 29 10:44:30 VdacHUB kernel: ftrace: allocating 53235 entries in 208 pages
Feb 29 10:44:30 VdacHUB kernel: ftrace: allocated 208 pages with 3 groups
Feb 29 10:44:30 VdacHUB kernel: rcu: Hierarchical RCU implementation.
Feb 29 10:44:30 VdacHUB kernel: rcu:         RCU restricting CPUs from NR_CPUS=256 to nr_cpu_ids=4.
Feb 29 10:44:30 VdacHUB kernel:         Rude variant of Tasks RCU enabled.
Feb 29 10:44:30 VdacHUB kernel:         Tracing variant of Tasks RCU enabled.
Feb 29 10:44:30 VdacHUB kernel: rcu: RCU calculated value of scheduler-enlistment delay is 10 jiffies.
Feb 29 10:44:30 VdacHUB kernel: rcu: Adjusting geometry for rcu_fanout_leaf=16, nr_cpu_ids=4
Feb 29 10:44:30 VdacHUB kernel: Using NULL legacy PIC
Feb 29 10:44:30 VdacHUB kernel: NR_IRQS: 16640, nr_irqs: 456, preallocated irqs: 0
Feb 29 10:44:30 VdacHUB kernel: random: crng init done
Feb 29 10:44:30 VdacHUB kernel: Console: colour dummy device 80x25
Feb 29 10:44:30 VdacHUB kernel: ACPI: Core revision 20210730
Feb 29 10:44:30 VdacHUB kernel: Failed to register legacy timer interrupt
Feb 29 10:44:30 VdacHUB kernel: APIC: Switch to symmetric I/O mode setup
Feb 29 10:44:30 VdacHUB kernel: Hyper-V: Using IPI hypercalls
Feb 29 10:44:30 VdacHUB kernel: Hyper-V: Using enlightened APIC (xapic mode)
Feb 29 10:44:30 VdacHUB kernel: Calibrating delay loop (skipped), value calculated using timer frequency.. 6385.21 BogoMIPS (lpj=31926070)
Feb 29 10:44:30 VdacHUB kernel: Last level iTLB entries: 4KB 1024, 2MB 1024, 4MB 1024
Feb 29 10:44:30 VdacHUB kernel: Last level dTLB entries: 4KB 1024, 2MB 1024, 4MB 1024, 1GB 4
Feb 29 10:44:30 VdacHUB kernel: Spectre V1 : Mitigation: usercopy/swapgs barriers and __user pointer sanitization
Feb 29 10:44:30 VdacHUB kernel: Spectre V2 : Mitigation: Retpolines
Feb 29 10:44:30 VdacHUB kernel: Spectre V2 : Spectre v2 / SpectreRSB mitigation: Filling RSB on context switch
Feb 29 10:44:30 VdacHUB kernel: Spectre V2 : Spectre v2 / SpectreRSB : Filling RSB on VMEXIT
Feb 29 10:44:30 VdacHUB kernel: Spectre V2 : Enabling Restricted Speculation for firmware calls
Feb 29 10:44:30 VdacHUB kernel: Spectre V2 : mitigation: Enabling conditional Indirect Branch Prediction Barrier
Feb 29 10:44:30 VdacHUB kernel: Speculative Store Bypass: Mitigation: Speculative Store Bypass disabled via prctl and seccomp
Feb 29 10:44:30 VdacHUB kernel: MDS: Mitigation: Clear CPU buffers
Feb 29 10:44:30 VdacHUB kernel: MMIO Stale Data: Unknown: No mitigations
Feb 29 10:44:30 VdacHUB kernel: SRBDS: Unknown: Dependent on hypervisor status
Feb 29 10:44:30 VdacHUB kernel: x86/fpu: Supporting XSAVE feature 0x001: 'x87 floating point registers'
Feb 29 10:44:30 VdacHUB kernel: x86/fpu: Supporting XSAVE feature 0x002: 'SSE registers'
Feb 29 10:44:30 VdacHUB kernel: x86/fpu: Supporting XSAVE feature 0x004: 'AVX registers'
Feb 29 10:44:30 VdacHUB kernel: x86/fpu: xstate_offset[2]:  576, xstate_sizes[2]:  256
Feb 29 10:44:30 VdacHUB kernel: x86/fpu: Enabled xstate features 0x7, context size is 832 bytes, using 'standard' format.
Feb 29 10:44:30 VdacHUB kernel: Freeing SMP alternatives memory: 60K
Feb 29 10:44:30 VdacHUB kernel: pid_max: default: 32768 minimum: 301
Feb 29 10:44:30 VdacHUB kernel: LSM: Security Framework initializing
Feb 29 10:44:30 VdacHUB kernel: landlock: Up and running.
Feb 29 10:44:30 VdacHUB kernel: Mount-cache hash table entries: 8192 (order: 4, 65536 bytes, linear)
Feb 29 10:44:30 VdacHUB kernel: Mountpoint-cache hash table entries: 8192 (order: 4, 65536 bytes, linear)
Feb 29 10:44:30 VdacHUB kernel: smpboot: CPU0: Intel(R) Core(TM) i5-4460  CPU @ 3.20GHz (family: 0x6, model: 0x3c, stepping: 0x3)
Feb 29 10:44:30 VdacHUB kernel: Performance Events: Haswell events, 16-deep LBR, full-width counters, Intel PMU driver.
Feb 29 10:44:30 VdacHUB kernel: ... version:                3
Feb 29 10:44:30 VdacHUB kernel: ... bit width:              48
Feb 29 10:44:30 VdacHUB kernel: ... generic registers:      8
Feb 29 10:44:30 VdacHUB kernel: ... value mask:             0000ffffffffffff
Feb 29 10:44:30 VdacHUB kernel: ... max period:             00007fffffffffff
Feb 29 10:44:30 VdacHUB kernel: ... fixed-purpose events:   3
Feb 29 10:44:30 VdacHUB kernel: ... event mask:             00000007000000ff
Feb 29 10:44:30 VdacHUB kernel: signal: max sigframe size: 1776
Feb 29 10:44:30 VdacHUB kernel: rcu: Hierarchical SRCU implementation.
Feb 29 10:44:30 VdacHUB kernel: smp: Bringing up secondary CPUs ...
Feb 29 10:44:30 VdacHUB kernel: x86: Booting SMP configuration:
Feb 29 10:44:30 VdacHUB kernel: .... node  #0, CPUs:      #1 #2 #3
Feb 29 10:44:30 VdacHUB kernel: smp: Brought up 1 node, 4 CPUs
Feb 29 10:44:30 VdacHUB kernel: smpboot: Max logical packages: 1
Feb 29 10:44:30 VdacHUB kernel: smpboot: Total of 4 processors activated (25540.85 BogoMIPS)
Feb 29 10:44:30 VdacHUB kernel: devtmpfs: initialized
Feb 29 10:44:30 VdacHUB kernel: x86/mm: Memory block size: 128MB
Feb 29 10:44:30 VdacHUB kernel: clocksource: jiffies: mask: 0xffffffff max_cycles: 0xffffffff, max_idle_ns: 19112604462750000 ns
Feb 29 10:44:30 VdacHUB kernel: futex hash table entries: 1024 (order: 4, 65536 bytes, linear)
Feb 29 10:44:30 VdacHUB kernel: NET: Registered PF_NETLINK/PF_ROUTE protocol family
Feb 29 10:44:30 VdacHUB kernel: audit: initializing netlink subsys (disabled)
Feb 29 10:44:30 VdacHUB kernel: audit: type=2000 audit(1709178235.000:1): state=initialized audit_enabled=0 res=1
Feb 29 10:44:30 VdacHUB kernel: thermal_sys: Registered thermal governor 'step_wise'
Feb 29 10:44:30 VdacHUB kernel: cpuidle: using governor menu
Feb 29 10:44:30 VdacHUB kernel: ACPI: bus type PCI registered
Feb 29 10:44:30 VdacHUB kernel: PCI: Fatal: No config space access function found
Feb 29 10:44:30 VdacHUB kernel: core: PMU erratum BJ122, BV98, HSD29 workaround disabled, HT off
Feb 29 10:44:30 VdacHUB kernel: kprobes: kprobe jump-optimization is enabled. All kprobes are optimized if possible.
Feb 29 10:44:30 VdacHUB kernel: HugeTLB registered 1.00 GiB page size, pre-allocated 0 pages
Feb 29 10:44:30 VdacHUB kernel: HugeTLB registered 2.00 MiB page size, pre-allocated 0 pages
Feb 29 10:44:30 VdacHUB kernel: raid6: skip pq benchmark and using algorithm avx2x4
Feb 29 10:44:30 VdacHUB kernel: raid6: using avx2x2 recovery algorithm
Feb 29 10:44:30 VdacHUB kernel: ACPI: Added _OSI(Module Device)
Feb 29 10:44:30 VdacHUB kernel: ACPI: Added _OSI(Processor Device)
Feb 29 10:44:30 VdacHUB kernel: ACPI: Added _OSI(3.0 _SCP Extensions)
Feb 29 10:44:30 VdacHUB kernel: ACPI: Added _OSI(Processor Aggregator Device)
Feb 29 10:44:30 VdacHUB kernel: ACPI: Added _OSI(Linux-Dell-Video)
Feb 29 10:44:30 VdacHUB kernel: ACPI: Added _OSI(Linux-Lenovo-NV-HDMI-Audio)
Feb 29 10:44:30 VdacHUB kernel: ACPI: Added _OSI(Linux-HPI-Hybrid-Graphics)
Feb 29 10:44:30 VdacHUB kernel: ACPI: 1 ACPI AML tables successfully acquired and loaded
Feb 29 10:44:30 VdacHUB kernel: ACPI: Interpreter enabled
Feb 29 10:44:30 VdacHUB kernel: ACPI: PM: (supports S0 S5)
Feb 29 10:44:30 VdacHUB kernel: ACPI: Using IOAPIC for interrupt routing
Feb 29 10:44:30 VdacHUB kernel: PCI: Using host bridge windows from ACPI; if necessary, use "pci=nocrs" and report a bug
Feb 29 10:44:30 VdacHUB kernel: ACPI: Enabled 1 GPEs in block 00 to 0F
Feb 29 10:44:30 VdacHUB kernel: iommu: Default domain type: Translated 
Feb 29 10:44:30 VdacHUB kernel: iommu: DMA domain TLB invalidation policy: lazy mode 
Feb 29 10:44:30 VdacHUB kernel: SCSI subsystem initialized
Feb 29 10:44:30 VdacHUB kernel: ACPI: bus type USB registered
Feb 29 10:44:30 VdacHUB kernel: usbcore: registered new interface driver usbfs
Feb 29 10:44:30 VdacHUB kernel: usbcore: registered new interface driver hub
Feb 29 10:44:30 VdacHUB kernel: usbcore: registered new device driver usb
Feb 29 10:44:30 VdacHUB kernel: pps_core: LinuxPPS API ver. 1 registered
Feb 29 10:44:30 VdacHUB kernel: pps_core: Software ver. 5.3.6 - Copyright 2005-2007 Rodolfo Giometti <giometti@linux.it>
Feb 29 10:44:30 VdacHUB kernel: PTP clock support registered
Feb 29 10:44:30 VdacHUB kernel: hv_vmbus: Vmbus version:5.2
Feb 29 10:44:30 VdacHUB kernel: PCI: Using ACPI for IRQ routing
Feb 29 10:44:30 VdacHUB kernel: PCI: System does not support PCI
Feb 29 10:44:30 VdacHUB kernel: hv_vmbus: Unknown GUID: c376c1c3-d276-48d2-90a9-c04748072c60
Feb 29 10:44:30 VdacHUB kernel: hv_vmbus: Unknown GUID: 6e382d18-3336-4f4b-acc4-2b7703d4df4a
Feb 29 10:44:30 VdacHUB kernel: hv_vmbus: Unknown GUID: dde9cbc0-5060-4436-9448-ea1254a5d177
Feb 29 10:44:30 VdacHUB kernel: clocksource: Switched to clocksource hyperv_clocksource_tsc_page
Feb 29 10:44:30 VdacHUB kernel: VFS: Disk quotas dquot_6.6.0
Feb 29 10:44:30 VdacHUB kernel: VFS: Dquot-cache hash table entries: 512 (order 0, 4096 bytes)
Feb 29 10:44:30 VdacHUB kernel: FS-Cache: Loaded
Feb 29 10:44:30 VdacHUB kernel: pnp: PnP ACPI init
Feb 29 10:44:30 VdacHUB kernel: pnp: PnP ACPI: found 1 devices
Feb 29 10:44:30 VdacHUB kernel: NET: Registered PF_INET protocol family
Feb 29 10:44:30 VdacHUB kernel: IP idents hash table entries: 65536 (order: 7, 524288 bytes, linear)
Feb 29 10:44:30 VdacHUB kernel: tcp_listen_portaddr_hash hash table entries: 2048 (order: 3, 32768 bytes, linear)
Feb 29 10:44:30 VdacHUB kernel: Table-perturb hash table entries: 65536 (order: 6, 262144 bytes, linear)
Feb 29 10:44:30 VdacHUB kernel: TCP established hash table entries: 32768 (order: 6, 262144 bytes, linear)
Feb 29 10:44:30 VdacHUB kernel: TCP bind hash table entries: 32768 (order: 7, 524288 bytes, linear)
Feb 29 10:44:30 VdacHUB kernel: TCP: Hash tables configured (established 32768 bind 32768)
Feb 29 10:44:30 VdacHUB kernel: UDP hash table entries: 2048 (order: 4, 65536 bytes, linear)
Feb 29 10:44:30 VdacHUB kernel: UDP-Lite hash table entries: 2048 (order: 4, 65536 bytes, linear)
Feb 29 10:44:30 VdacHUB kernel: NET: Registered PF_UNIX/PF_LOCAL protocol family
Feb 29 10:44:30 VdacHUB kernel: RPC: Registered named UNIX socket transport module.
Feb 29 10:44:30 VdacHUB kernel: RPC: Registered udp transport module.
Feb 29 10:44:30 VdacHUB kernel: RPC: Registered tcp transport module.
Feb 29 10:44:30 VdacHUB kernel: RPC: Registered tcp NFSv4.1 backchannel transport module.
Feb 29 10:44:30 VdacHUB kernel: PCI: CLS 0 bytes, default 64
Feb 29 10:44:30 VdacHUB kernel: PCI-DMA: Using software bounce buffering for IO (SWIOTLB)
Feb 29 10:44:30 VdacHUB kernel: software IO TLB: mapped [mem 0x00000000f4000000-0x00000000f8000000] (64MB)
Feb 29 10:44:30 VdacHUB kernel: kvm: no hardware support
Feb 29 10:44:30 VdacHUB kernel: has_svm: not amd or hygon
Feb 29 10:44:30 VdacHUB kernel: kvm: no hardware support
Feb 29 10:44:30 VdacHUB kernel: Trying to unpack rootfs image as initramfs...
Feb 29 10:44:30 VdacHUB kernel: Freeing initrd memory: 2056K
Feb 29 10:44:30 VdacHUB kernel: Initialise system trusted keyrings
Feb 29 10:44:30 VdacHUB kernel: workingset: timestamp_bits=46 max_order=20 bucket_order=0
Feb 29 10:44:30 VdacHUB kernel: squashfs: version 4.0 (2009/01/31) Phillip Lougher
Feb 29 10:44:30 VdacHUB kernel: NFS: Registering the id_resolver key type
Feb 29 10:44:30 VdacHUB kernel: Key type id_resolver registered
Feb 29 10:44:30 VdacHUB kernel: Key type id_legacy registered
Feb 29 10:44:30 VdacHUB kernel: nfs4filelayout_init: NFSv4 File Layout Driver Registering...
Feb 29 10:44:30 VdacHUB kernel: nfs4flexfilelayout_init: NFSv4 Flexfile Layout Driver Registering...
Feb 29 10:44:30 VdacHUB kernel: Installing knfsd (copyright (C) 1996 okir@monad.swb.de).
Feb 29 10:44:30 VdacHUB kernel: Key type cifs.idmap registered
Feb 29 10:44:30 VdacHUB kernel: fuse: init (API version 7.34)
Feb 29 10:44:30 VdacHUB kernel: SGI XFS with ACLs, security attributes, realtime, scrub, repair, quota, no debug enabled
Feb 29 10:44:30 VdacHUB kernel: 9p: Installing v9fs 9p2000 file system support
Feb 29 10:44:30 VdacHUB kernel: FS-Cache: Netfs '9p' registered for caching
Feb 29 10:44:30 VdacHUB kernel: FS-Cache: Netfs 'ceph' registered for caching
Feb 29 10:44:30 VdacHUB kernel: ceph: loaded (mds proto 32)
Feb 29 10:44:30 VdacHUB kernel: NET: Registered PF_ALG protocol family
Feb 29 10:44:30 VdacHUB kernel: xor: automatically using best checksumming function   avx       
Feb 29 10:44:30 VdacHUB kernel: Key type asymmetric registered
Feb 29 10:44:30 VdacHUB kernel: Asymmetric key parser 'x509' registered
Feb 29 10:44:30 VdacHUB kernel: Block layer SCSI generic (bsg) driver version 0.4 loaded (major 248)
Feb 29 10:44:30 VdacHUB kernel: hv_vmbus: registering driver hv_pci
Feb 29 10:44:30 VdacHUB kernel: hv_pci a6b0ce3e-647a-4c13-b427-95728b0d76e6: PCI VMBus probing: Using version 0x10003
Feb 29 10:44:30 VdacHUB kernel: hv_pci a6b0ce3e-647a-4c13-b427-95728b0d76e6: PCI host bridge to bus 647a:00
Feb 29 10:44:30 VdacHUB kernel: pci_bus 647a:00: root bus resource [mem 0x9ffe00000-0x9ffe02fff window]
Feb 29 10:44:30 VdacHUB kernel: pci_bus 647a:00: No busn resource found for root bus, will use [bus 00-ff]
Feb 29 10:44:30 VdacHUB kernel: pci 647a:00:00.0: [1af4:1043] type 00 class 0x010000
Feb 29 10:44:30 VdacHUB kernel: pci 647a:00:00.0: reg 0x10: [mem 0x9ffe00000-0x9ffe00fff 64bit]
Feb 29 10:44:30 VdacHUB kernel: pci 647a:00:00.0: reg 0x18: [mem 0x9ffe01000-0x9ffe01fff 64bit]
Feb 29 10:44:30 VdacHUB kernel: pci 647a:00:00.0: reg 0x20: [mem 0x9ffe02000-0x9ffe02fff 64bit]
Feb 29 10:44:30 VdacHUB kernel: pci_bus 647a:00: busn_res: [bus 00-ff] end is updated to 00
Feb 29 10:44:30 VdacHUB kernel: pci 647a:00:00.0: BAR 0: assigned [mem 0x9ffe00000-0x9ffe00fff 64bit]
Feb 29 10:44:30 VdacHUB kernel: pci 647a:00:00.0: BAR 2: assigned [mem 0x9ffe01000-0x9ffe01fff 64bit]
Feb 29 10:44:30 VdacHUB kernel: pci 647a:00:00.0: BAR 4: assigned [mem 0x9ffe02000-0x9ffe02fff 64bit]
Feb 29 10:44:30 VdacHUB kernel: hv_pci ae1a3bc2-426d-49a5-a085-29d01e755f17: PCI VMBus probing: Using version 0x10003
Feb 29 10:44:30 VdacHUB kernel: hv_pci ae1a3bc2-426d-49a5-a085-29d01e755f17: PCI host bridge to bus 426d:00
Feb 29 10:44:30 VdacHUB kernel: pci_bus 426d:00: No busn resource found for root bus, will use [bus 00-ff]
Feb 29 10:44:30 VdacHUB kernel: pci 426d:00:00.0: [1414:008e] type 00 class 0x030200
Feb 29 10:44:30 VdacHUB kernel: pci_bus 426d:00: busn_res: [bus 00-ff] end is updated to 00
Feb 29 10:44:30 VdacHUB kernel: hv_pci a21a5f20-24e1-4688-b67a-4e0b245fed57: PCI VMBus probing: Using version 0x10003
Feb 29 10:44:30 VdacHUB kernel: hv_pci a21a5f20-24e1-4688-b67a-4e0b245fed57: PCI host bridge to bus 24e1:00
Feb 29 10:44:30 VdacHUB kernel: pci_bus 24e1:00: root bus resource [mem 0x9ffe04000-0x9ffe06fff window]
Feb 29 10:44:30 VdacHUB kernel: pci_bus 24e1:00: No busn resource found for root bus, will use [bus 00-ff]
Feb 29 10:44:30 VdacHUB kernel: pci 24e1:00:00.0: [1af4:1049] type 00 class 0x010000
Feb 29 10:44:30 VdacHUB kernel: pci 24e1:00:00.0: reg 0x10: [mem 0x9ffe04000-0x9ffe04fff 64bit]
Feb 29 10:44:30 VdacHUB kernel: pci 24e1:00:00.0: reg 0x18: [mem 0x9ffe05000-0x9ffe05fff 64bit]
Feb 29 10:44:30 VdacHUB kernel: pci 24e1:00:00.0: reg 0x20: [mem 0x9ffe06000-0x9ffe06fff 64bit]
Feb 29 10:44:30 VdacHUB kernel: pci_bus 24e1:00: busn_res: [bus 00-ff] end is updated to 00
Feb 29 10:44:30 VdacHUB kernel: pci 24e1:00:00.0: BAR 0: assigned [mem 0x9ffe04000-0x9ffe04fff 64bit]
Feb 29 10:44:30 VdacHUB kernel: pci 24e1:00:00.0: BAR 2: assigned [mem 0x9ffe05000-0x9ffe05fff 64bit]
Feb 29 10:44:30 VdacHUB kernel: pci 24e1:00:00.0: BAR 4: assigned [mem 0x9ffe06000-0x9ffe06fff 64bit]
Feb 29 10:44:30 VdacHUB kernel: Serial: 8250/16550 driver, 4 ports, IRQ sharing disabled
Feb 29 10:44:30 VdacHUB kernel: Non-volatile memory driver v1.3
Feb 29 10:44:30 VdacHUB kernel: [drm] Initialized vgem 1.0.0 20120112 for vgem on minor 0
Feb 29 10:44:30 VdacHUB kernel: printk: console [hvc0] enabled
Feb 29 10:44:30 VdacHUB kernel: brd: module loaded
Feb 29 10:44:30 VdacHUB kernel: loop: module loaded
Feb 29 10:44:30 VdacHUB kernel: hv_vmbus: registering driver hv_storvsc
Feb 29 10:44:30 VdacHUB kernel: wireguard: WireGuard 1.0.0 loaded. See www.wireguard.com for information.
Feb 29 10:44:30 VdacHUB kernel: wireguard: Copyright (C) 2015-2019 Jason A. Donenfeld <Jason@zx2c4.com>. All Rights Reserved.
Feb 29 10:44:30 VdacHUB kernel: scsi host0: storvsc_host_t
Feb 29 10:44:30 VdacHUB kernel: tun: Universal TUN/TAP device driver, 1.6
Feb 29 10:44:30 VdacHUB kernel: PPP generic driver version 2.4.2
Feb 29 10:44:30 VdacHUB kernel: PPP BSD Compression module registered
Feb 29 10:44:30 VdacHUB kernel: PPP Deflate Compression module registered
Feb 29 10:44:30 VdacHUB kernel: PPP MPPE Compression module registered
Feb 29 10:44:30 VdacHUB kernel: NET: Registered PF_PPPOX protocol family
Feb 29 10:44:30 VdacHUB kernel: usbcore: registered new interface driver cdc_ether
Feb 29 10:44:30 VdacHUB kernel: usbcore: registered new interface driver cdc_ncm
Feb 29 10:44:30 VdacHUB kernel: usbcore: registered new interface driver r8153_ecm
Feb 29 10:44:30 VdacHUB kernel: hv_vmbus: registering driver hv_netvsc
Feb 29 10:44:30 VdacHUB kernel: VFIO - User Level meta-driver version: 0.3
Feb 29 10:44:30 VdacHUB kernel: usbcore: registered new interface driver cdc_acm
Feb 29 10:44:30 VdacHUB kernel: cdc_acm: USB Abstract Control Model driver for USB modems and ISDN adapters
Feb 29 10:44:30 VdacHUB kernel: usbcore: registered new interface driver ch341
Feb 29 10:44:30 VdacHUB kernel: usbserial: USB Serial support registered for ch341-uart
Feb 29 10:44:30 VdacHUB kernel: usbcore: registered new interface driver cp210x
Feb 29 10:44:30 VdacHUB kernel: usbserial: USB Serial support registered for cp210x
Feb 29 10:44:30 VdacHUB kernel: usbcore: registered new interface driver ftdi_sio
Feb 29 10:44:30 VdacHUB kernel: usbserial: USB Serial support registered for FTDI USB Serial Device
Feb 29 10:44:30 VdacHUB kernel: vhci_hcd vhci_hcd.0: USB/IP Virtual Host Controller
Feb 29 10:44:30 VdacHUB kernel: vhci_hcd vhci_hcd.0: new USB bus registered, assigned bus number 1
Feb 29 10:44:30 VdacHUB kernel: vhci_hcd: created sysfs vhci_hcd.0
Feb 29 10:44:30 VdacHUB kernel: usb usb1: New USB device found, idVendor=1d6b, idProduct=0002, bcdDevice= 5.15
Feb 29 10:44:30 VdacHUB kernel: usb usb1: New USB device strings: Mfr=3, Product=2, SerialNumber=1
Feb 29 10:44:30 VdacHUB kernel: usb usb1: Product: USB/IP Virtual Host Controller
Feb 29 10:44:30 VdacHUB kernel: usb usb1: Manufacturer: Linux 5.15.133.1-microsoft-standard-WSL2 vhci_hcd
Feb 29 10:44:30 VdacHUB kernel: usb usb1: SerialNumber: vhci_hcd.0
Feb 29 10:44:30 VdacHUB kernel: hub 1-0:1.0: USB hub found
Feb 29 10:44:30 VdacHUB kernel: hub 1-0:1.0: 8 ports detected
Feb 29 10:44:30 VdacHUB kernel: vhci_hcd vhci_hcd.0: USB/IP Virtual Host Controller
Feb 29 10:44:30 VdacHUB kernel: vhci_hcd vhci_hcd.0: new USB bus registered, assigned bus number 2
Feb 29 10:44:30 VdacHUB kernel: usb usb2: We don't know the algorithms for LPM for this host, disabling LPM.
Feb 29 10:44:30 VdacHUB kernel: usb usb2: New USB device found, idVendor=1d6b, idProduct=0003, bcdDevice= 5.15
Feb 29 10:44:30 VdacHUB kernel: usb usb2: New USB device strings: Mfr=3, Product=2, SerialNumber=1
Feb 29 10:44:30 VdacHUB kernel: usb usb2: Product: USB/IP Virtual Host Controller
Feb 29 10:44:30 VdacHUB kernel: usb usb2: Manufacturer: Linux 5.15.133.1-microsoft-standard-WSL2 vhci_hcd
Feb 29 10:44:30 VdacHUB kernel: usb usb2: SerialNumber: vhci_hcd.0
Feb 29 10:44:30 VdacHUB kernel: hub 2-0:1.0: USB hub found
Feb 29 10:44:30 VdacHUB kernel: hub 2-0:1.0: 8 ports detected
Feb 29 10:44:30 VdacHUB kernel: hv_vmbus: registering driver hyperv_keyboard
Feb 29 10:44:30 VdacHUB kernel: rtc_cmos 00:00: RTC can wake from S4
Feb 29 10:44:30 VdacHUB kernel: rtc_cmos 00:00: registered as rtc0
Feb 29 10:44:30 VdacHUB kernel: rtc_cmos 00:00: setting system clock to 2024-02-29T03:43:56 UTC (1709178236)
Feb 29 10:44:30 VdacHUB kernel: rtc_cmos 00:00: alarms up to one month, 114 bytes nvram
Feb 29 10:44:30 VdacHUB kernel: device-mapper: ioctl: 4.45.0-ioctl (2021-03-22) initialised: dm-devel@redhat.com
Feb 29 10:44:30 VdacHUB kernel: device-mapper: raid: Loading target version 1.15.1
Feb 29 10:44:30 VdacHUB kernel: usbcore: registered new interface driver usbhid
Feb 29 10:44:30 VdacHUB kernel: usbhid: USB HID core driver
Feb 29 10:44:30 VdacHUB kernel: hv_utils: Registering HyperV Utility Driver
Feb 29 10:44:30 VdacHUB kernel: hv_vmbus: registering driver hv_utils
Feb 29 10:44:30 VdacHUB kernel: hv_vmbus: registering driver hv_balloon
Feb 29 10:44:30 VdacHUB kernel: hv_utils: TimeSync IC version 4.0
Feb 29 10:44:30 VdacHUB kernel: hv_vmbus: registering driver dxgkrnl
Feb 29 10:44:30 VdacHUB kernel: hv_balloon: Using Dynamic Memory protocol version 2.0
Feb 29 10:44:30 VdacHUB kernel: drop_monitor: Initializing network drop monitor service
Feb 29 10:44:30 VdacHUB kernel: Mirror/redirect action on
Feb 29 10:44:30 VdacHUB kernel: u32 classifier
Feb 29 10:44:30 VdacHUB kernel:     Performance counters on
Feb 29 10:44:30 VdacHUB kernel:     input device check on
Feb 29 10:44:30 VdacHUB kernel:     Actions configured
Feb 29 10:44:30 VdacHUB kernel: Free page reporting enabled
Feb 29 10:44:30 VdacHUB kernel: hv_balloon: Cold memory discard hint enabled with order 9
Feb 29 10:44:30 VdacHUB kernel: IPVS: Registered protocols (TCP, UDP)
Feb 29 10:44:30 VdacHUB kernel: IPVS: Connection hash table configured (size=4096, memory=32Kbytes)
Feb 29 10:44:30 VdacHUB kernel: IPVS: ipvs loaded.
Feb 29 10:44:30 VdacHUB kernel: IPVS: [rr] scheduler registered.
Feb 29 10:44:30 VdacHUB kernel: IPVS: [wrr] scheduler registered.
Feb 29 10:44:30 VdacHUB kernel: IPVS: [sh] scheduler registered.
Feb 29 10:44:30 VdacHUB kernel: ipip: IPv4 and MPLS over IPv4 tunneling driver
Feb 29 10:44:30 VdacHUB kernel: ipt_CLUSTERIP: ClusterIP Version 0.8 loaded successfully
Feb 29 10:44:30 VdacHUB kernel: Initializing XFRM netlink socket
Feb 29 10:44:30 VdacHUB kernel: NET: Registered PF_INET6 protocol family
Feb 29 10:44:30 VdacHUB kernel: Segment Routing with IPv6
Feb 29 10:44:30 VdacHUB kernel: In-situ OAM (IOAM) with IPv6
Feb 29 10:44:30 VdacHUB kernel: sit: IPv6, IPv4 and MPLS over IPv4 tunneling driver
Feb 29 10:44:30 VdacHUB kernel: NET: Registered PF_PACKET protocol family
Feb 29 10:44:30 VdacHUB kernel: Bridge firewalling registered
Feb 29 10:44:30 VdacHUB kernel: 8021q: 802.1Q VLAN Support v1.8
Feb 29 10:44:30 VdacHUB kernel: sctp: Hash tables configured (bind 256/256)
Feb 29 10:44:30 VdacHUB kernel: 9pnet: Installing 9P2000 support
Feb 29 10:44:30 VdacHUB kernel: Key type dns_resolver registered
Feb 29 10:44:30 VdacHUB kernel: Key type ceph registered
Feb 29 10:44:30 VdacHUB kernel: libceph: loaded (mon/osd proto 15/24)
Feb 29 10:44:30 VdacHUB kernel: NET: Registered PF_VSOCK protocol family
Feb 29 10:44:30 VdacHUB kernel: hv_vmbus: registering driver hv_sock
Feb 29 10:44:30 VdacHUB kernel: IPI shorthand broadcast: enabled
Feb 29 10:44:30 VdacHUB kernel: sched_clock: Marking stable (770303300, 1784200)->(802571600, -30484100)
Feb 29 10:44:30 VdacHUB kernel: registered taskstats version 1
Feb 29 10:44:30 VdacHUB kernel: Loading compiled-in X.509 certificates
Feb 29 10:44:30 VdacHUB kernel: Btrfs loaded, crc32c=crc32c-generic, zoned=no, fsverity=no
Feb 29 10:44:30 VdacHUB kernel: Freeing unused kernel image (initmem) memory: 2008K
Feb 29 10:44:30 VdacHUB kernel: Write protecting the kernel read-only data: 30720k
Feb 29 10:44:30 VdacHUB kernel: Freeing unused kernel image (text/rodata gap) memory: 2024K
Feb 29 10:44:30 VdacHUB kernel: Freeing unused kernel image (rodata/data gap) memory: 504K
Feb 29 10:44:30 VdacHUB kernel: Run /init as init process
Feb 29 10:44:30 VdacHUB kernel:   with arguments:
Feb 29 10:44:30 VdacHUB kernel:     /init
Feb 29 10:44:30 VdacHUB kernel:   with environment:
Feb 29 10:44:30 VdacHUB kernel:     HOME=/
Feb 29 10:44:30 VdacHUB kernel:     TERM=linux
Feb 29 10:44:30 VdacHUB kernel:     WSL_ROOT_INIT=1
Feb 29 10:44:30 VdacHUB kernel: scsi 0:0:0:0: Direct-Access     Msft     Virtual Disk     1.0  PQ: 0 ANSI: 5
Feb 29 10:44:30 VdacHUB kernel: sd 0:0:0:0: Attached scsi generic sg0 type 0
Feb 29 10:44:30 VdacHUB kernel: sd 0:0:0:0: [sda] 798352 512-byte logical blocks: (409 MB/390 MiB)
Feb 29 10:44:30 VdacHUB kernel: sd 0:0:0:0: [sda] Write Protect is on
Feb 29 10:44:30 VdacHUB kernel: sd 0:0:0:0: [sda] Mode Sense: 0f 00 80 00
Feb 29 10:44:30 VdacHUB kernel: sd 0:0:0:0: [sda] Write cache: disabled, read cache: enabled, doesn't support DPO or FUA
Feb 29 10:44:30 VdacHUB kernel: sd 0:0:0:0: [sda] Attached SCSI disk
Feb 29 10:44:30 VdacHUB kernel: scsi 0:0:0:1: Direct-Access     Msft     Virtual Disk     1.0  PQ: 0 ANSI: 5
Feb 29 10:44:30 VdacHUB kernel: EXT4-fs (sda): mounted filesystem without journal. Opts: (null). Quota mode: none.
Feb 29 10:44:30 VdacHUB kernel: sd 0:0:0:1: Attached scsi generic sg1 type 0
Feb 29 10:44:30 VdacHUB kernel: sd 0:0:0:1: [sdb] 2097160 512-byte logical blocks: (1.07 GB/1.00 GiB)
Feb 29 10:44:30 VdacHUB kernel: sd 0:0:0:1: [sdb] 4096-byte physical blocks
Feb 29 10:44:30 VdacHUB kernel: sd 0:0:0:1: [sdb] Write Protect is off
Feb 29 10:44:30 VdacHUB kernel: sd 0:0:0:1: [sdb] Mode Sense: 0f 00 00 00
Feb 29 10:44:30 VdacHUB kernel: sd 0:0:0:1: [sdb] Write cache: enabled, read cache: enabled, doesn't support DPO or FUA
Feb 29 10:44:30 VdacHUB kernel: sd 0:0:0:1: [sdb] Attached SCSI disk
Feb 29 10:44:30 VdacHUB kernel: Adding 1048576k swap on /dev/sdb.  Priority:-2 extents:1 across:1048576k 
Feb 29 10:44:30 VdacHUB kernel: IPv6: ADDRCONF(NETDEV_CHANGE): eth0: link becomes ready
Feb 29 10:44:30 VdacHUB kernel: hv_pci be5412a8-b50d-4489-9c86-d88f0e10b18d: PCI VMBus probing: Using version 0x10003
Feb 29 10:44:30 VdacHUB kernel: hv_pci be5412a8-b50d-4489-9c86-d88f0e10b18d: PCI host bridge to bus b50d:00
Feb 29 10:44:30 VdacHUB kernel: pci_bus b50d:00: root bus resource [mem 0xc00000000-0xe00001fff window]
Feb 29 10:44:30 VdacHUB kernel: pci_bus b50d:00: No busn resource found for root bus, will use [bus 00-ff]
Feb 29 10:44:30 VdacHUB kernel: pci b50d:00:00.0: [1af4:105a] type 00 class 0x088000
Feb 29 10:44:30 VdacHUB kernel: pci b50d:00:00.0: reg 0x10: [mem 0xe00000000-0xe00000fff 64bit]
Feb 29 10:44:30 VdacHUB kernel: pci b50d:00:00.0: reg 0x18: [mem 0xe00001000-0xe00001fff 64bit]
Feb 29 10:44:30 VdacHUB kernel: pci b50d:00:00.0: reg 0x20: [mem 0xc00000000-0xdffffffff 64bit]
Feb 29 10:44:30 VdacHUB kernel: pci_bus b50d:00: busn_res: [bus 00-ff] end is updated to 00
Feb 29 10:44:30 VdacHUB kernel: pci b50d:00:00.0: BAR 4: assigned [mem 0xc00000000-0xdffffffff 64bit]
Feb 29 10:44:30 VdacHUB kernel: pci b50d:00:00.0: BAR 0: assigned [mem 0xe00000000-0xe00000fff 64bit]
Feb 29 10:44:30 VdacHUB kernel: pci b50d:00:00.0: BAR 2: assigned [mem 0xe00001000-0xe00001fff 64bit]
Feb 29 10:44:30 VdacHUB kernel: virtiofs virtio2: Cache len: 0x200000000 @ 0xc00000000
Feb 29 10:44:30 VdacHUB kernel: memmap_init_zone_device initialised 2097152 pages in 110ms
Feb 29 10:44:30 VdacHUB kernel: FS-Cache: Duplicate cookie detected
Feb 29 10:44:30 VdacHUB kernel: FS-Cache: O-cookie c=00000005 [p=00000002 fl=222 nc=0 na=1]
Feb 29 10:44:30 VdacHUB kernel: FS-Cache: O-cookie d=00000000485ad3ad{9P.session} n=00000000e3ec0cd9
Feb 29 10:44:30 VdacHUB kernel: FS-Cache: O-key=[10] '34323934393337363232'
Feb 29 10:44:30 VdacHUB kernel: FS-Cache: N-cookie c=00000006 [p=00000002 fl=2 nc=0 na=1]
Feb 29 10:44:30 VdacHUB kernel: FS-Cache: N-cookie d=00000000485ad3ad{9P.session} n=000000009c6a8d03
Feb 29 10:44:30 VdacHUB kernel: FS-Cache: N-key=[10] '34323934393337363232'
Feb 29 10:44:30 VdacHUB kernel: scsi 0:0:0:2: Direct-Access     Msft     Virtual Disk     1.0  PQ: 0 ANSI: 5
Feb 29 10:44:30 VdacHUB kernel: sd 0:0:0:2: Attached scsi generic sg2 type 0
Feb 29 10:44:30 VdacHUB kernel: sd 0:0:0:2: [sdc] 2147483648 512-byte logical blocks: (1.10 TB/1.00 TiB)
Feb 29 10:44:30 VdacHUB kernel: sd 0:0:0:2: [sdc] 4096-byte physical blocks
Feb 29 10:44:30 VdacHUB kernel: sd 0:0:0:2: [sdc] Write Protect is off
Feb 29 10:44:30 VdacHUB kernel: sd 0:0:0:2: [sdc] Mode Sense: 0f 00 00 00
Feb 29 10:44:30 VdacHUB kernel: sd 0:0:0:2: [sdc] Write cache: enabled, read cache: enabled, doesn't support DPO or FUA
Feb 29 10:44:30 VdacHUB kernel: sd 0:0:0:2: [sdc] Attached SCSI disk
Feb 29 10:44:30 VdacHUB kernel: EXT4-fs (sdc): recovery complete
Feb 29 10:44:30 VdacHUB kernel: EXT4-fs (sdc): mounted filesystem with ordered data mode. Opts: discard,errors=remount-ro,data=ordered. Quota mode: none.
Feb 29 10:44:30 VdacHUB /sbin/ldconfig: 
Feb 29 10:44:30 VdacHUB unknown: /usr/lib/wsl/lib/libcuda.so.1 is not a symbolic link
Feb 29 10:44:30 VdacHUB unknown: 
Feb 29 10:44:30 VdacHUB kernel: hv_pci 81a3963b-72e6-472d-b26f-e5e913f415a3: PCI VMBus probing: Using version 0x10003
Feb 29 10:44:30 VdacHUB kernel: 9pnet_virtio: no channels available for device drvfs
Feb 29 10:44:30 VdacHUB unknown: WSL (1) WARNING: mount: waiting for virtio device drvfs
Feb 29 10:44:30 VdacHUB kernel: hv_pci 81a3963b-72e6-472d-b26f-e5e913f415a3: PCI host bridge to bus 72e6:00
Feb 29 10:44:30 VdacHUB kernel: pci_bus 72e6:00: root bus resource [mem 0x9ffe08000-0x9ffe0afff window]
Feb 29 10:44:30 VdacHUB kernel: pci_bus 72e6:00: No busn resource found for root bus, will use [bus 00-ff]
Feb 29 10:44:30 VdacHUB kernel: pci 72e6:00:00.0: [1af4:1049] type 00 class 0x010000
Feb 29 10:44:30 VdacHUB kernel: pci 72e6:00:00.0: reg 0x10: [mem 0x9ffe08000-0x9ffe08fff 64bit]
Feb 29 10:44:30 VdacHUB kernel: pci 72e6:00:00.0: reg 0x18: [mem 0x9ffe09000-0x9ffe09fff 64bit]
Feb 29 10:44:30 VdacHUB kernel: pci 72e6:00:00.0: reg 0x20: [mem 0x9ffe0a000-0x9ffe0afff 64bit]
Feb 29 10:44:30 VdacHUB kernel: pci_bus 72e6:00: busn_res: [bus 00-ff] end is updated to 00
Feb 29 10:44:30 VdacHUB kernel: pci 72e6:00:00.0: BAR 0: assigned [mem 0x9ffe08000-0x9ffe08fff 64bit]
Feb 29 10:44:30 VdacHUB kernel: 9pnet_virtio: no channels available for device drvfs
Feb 29 10:44:30 VdacHUB kernel: pci 72e6:00:00.0: BAR 2: assigned [mem 0x9ffe09000-0x9ffe09fff 64bit]
Feb 29 10:44:30 VdacHUB kernel: pci 72e6:00:00.0: BAR 4: assigned [mem 0x9ffe0a000-0x9ffe0afff 64bit]
Feb 29 10:44:30 VdacHUB kernel: 9pnet_virtio: no channels available for device drvfs
Feb 29 10:44:30 VdacHUB kernel: hv_pci 9bb1423c-5456-4a0c-b4ef-c6a1bd0e41e3: PCI VMBus probing: Using version 0x10003
Feb 29 10:44:30 VdacHUB kernel: 9pnet_virtio: no channels available for device drvfs
Feb 29 10:44:30 VdacHUB kernel: hv_pci 9bb1423c-5456-4a0c-b4ef-c6a1bd0e41e3: PCI host bridge to bus 5456:00
Feb 29 10:44:30 VdacHUB kernel: pci_bus 5456:00: root bus resource [mem 0x9ffe0c000-0x9ffe0efff window]
Feb 29 10:44:30 VdacHUB kernel: pci_bus 5456:00: No busn resource found for root bus, will use [bus 00-ff]
Feb 29 10:44:30 VdacHUB kernel: pci 5456:00:00.0: [1af4:1049] type 00 class 0x010000
Feb 29 10:44:30 VdacHUB unknown: WSL (1) WARNING: mount: waiting for virtio device drvfs
Feb 29 10:44:30 VdacHUB kernel: pci 5456:00:00.0: reg 0x10: [mem 0x9ffe0c000-0x9ffe0cfff 64bit]
Feb 29 10:44:30 VdacHUB kernel: pci 5456:00:00.0: reg 0x18: [mem 0x9ffe0d000-0x9ffe0dfff 64bit]
Feb 29 10:44:30 VdacHUB kernel: 9pnet_virtio: no channels available for device drvfs
Feb 29 10:44:30 VdacHUB kernel: pci 5456:00:00.0: reg 0x20: [mem 0x9ffe0e000-0x9ffe0efff 64bit]
Feb 29 10:44:30 VdacHUB kernel: pci_bus 5456:00: busn_res: [bus 00-ff] end is updated to 00
Feb 29 10:44:30 VdacHUB kernel: pci 5456:00:00.0: BAR 0: assigned [mem 0x9ffe0c000-0x9ffe0cfff 64bit]
Feb 29 10:44:30 VdacHUB kernel: pci 5456:00:00.0: BAR 2: assigned [mem 0x9ffe0d000-0x9ffe0dfff 64bit]
Feb 29 10:44:30 VdacHUB kernel: 9pnet_virtio: no channels available for device drvfs
Feb 29 10:44:30 VdacHUB kernel: pci 5456:00:00.0: BAR 4: assigned [mem 0x9ffe0e000-0x9ffe0efff 64bit]
Feb 29 10:44:30 VdacHUB kernel: hv_pci 23e3d389-a4c7-42a9-9284-ef4a8449cbcb: PCI VMBus probing: Using version 0x10003
Feb 29 10:44:30 VdacHUB kernel: hv_pci 23e3d389-a4c7-42a9-9284-ef4a8449cbcb: PCI host bridge to bus a4c7:00
Feb 29 10:44:30 VdacHUB kernel: pci_bus a4c7:00: root bus resource [mem 0xbffe10000-0xbffe12fff window]
Feb 29 10:44:30 VdacHUB kernel: pci_bus a4c7:00: No busn resource found for root bus, will use [bus 00-ff]
Feb 29 10:44:30 VdacHUB kernel: pci a4c7:00:00.0: [1af4:1049] type 00 class 0x010000
Feb 29 10:44:30 VdacHUB kernel: pci a4c7:00:00.0: reg 0x10: [mem 0xbffe10000-0xbffe10fff 64bit]
Feb 29 10:44:30 VdacHUB kernel: pci a4c7:00:00.0: reg 0x18: [mem 0xbffe11000-0xbffe11fff 64bit]
Feb 29 10:44:30 VdacHUB kernel: pci a4c7:00:00.0: reg 0x20: [mem 0xbffe12000-0xbffe12fff 64bit]
Feb 29 10:44:30 VdacHUB kernel: pci_bus a4c7:00: busn_res: [bus 00-ff] end is updated to 00
Feb 29 10:44:30 VdacHUB kernel: pci a4c7:00:00.0: BAR 0: assigned [mem 0xbffe10000-0xbffe10fff 64bit]
Feb 29 10:44:30 VdacHUB kernel: pci a4c7:00:00.0: BAR 2: assigned [mem 0xbffe11000-0xbffe11fff 64bit]
Feb 29 10:44:30 VdacHUB kernel: pci a4c7:00:00.0: BAR 4: assigned [mem 0xbffe12000-0xbffe12fff 64bit]
Feb 29 10:44:30 VdacHUB /sbin/ldconfig.real: 
Feb 29 10:44:30 VdacHUB unknown: /usr/lib/wsl/lib/libcuda.so.1 is not a symbolic link
Feb 29 10:44:30 VdacHUB unknown: 
Feb 29 10:44:30 VdacHUB kernel: hv_pci 1a45bcc8-d8e7-44bb-a64f-e696b1c85f99: PCI VMBus probing: Using version 0x10003
Feb 29 10:44:30 VdacHUB kernel: 9pnet_virtio: no channels available for device drvfs
Feb 29 10:44:30 VdacHUB unknown: WSL (2) WARNING: mount: waiting for virtio device drvfs
Feb 29 10:44:30 VdacHUB kernel: 9pnet_virtio: no channels available for device drvfs
Feb 29 10:44:30 VdacHUB kernel: hv_pci 1a45bcc8-d8e7-44bb-a64f-e696b1c85f99: PCI host bridge to bus d8e7:00
Feb 29 10:44:30 VdacHUB kernel: pci_bus d8e7:00: root bus resource [mem 0xbffe14000-0xbffe16fff window]
Feb 29 10:44:30 VdacHUB kernel: pci_bus d8e7:00: No busn resource found for root bus, will use [bus 00-ff]
Feb 29 10:44:30 VdacHUB kernel: pci d8e7:00:00.0: [1af4:1049] type 00 class 0x010000
Feb 29 10:44:30 VdacHUB kernel: 9pnet_virtio: no channels available for device drvfs
Feb 29 10:44:30 VdacHUB kernel: pci d8e7:00:00.0: reg 0x10: [mem 0xbffe14000-0xbffe14fff 64bit]
Feb 29 10:44:30 VdacHUB kernel: pci d8e7:00:00.0: reg 0x18: [mem 0xbffe15000-0xbffe15fff 64bit]
Feb 29 10:44:30 VdacHUB kernel: pci d8e7:00:00.0: reg 0x20: [mem 0xbffe16000-0xbffe16fff 64bit]
Feb 29 10:44:30 VdacHUB kernel: pci_bus d8e7:00: busn_res: [bus 00-ff] end is updated to 00
Feb 29 10:44:30 VdacHUB kernel: pci d8e7:00:00.0: BAR 0: assigned [mem 0xbffe14000-0xbffe14fff 64bit]
Feb 29 10:44:30 VdacHUB kernel: pci d8e7:00:00.0: BAR 2: assigned [mem 0xbffe15000-0xbffe15fff 64bit]
Feb 29 10:44:30 VdacHUB kernel: 9pnet_virtio: no channels available for device drvfs
Feb 29 10:44:30 VdacHUB kernel: pci d8e7:00:00.0: BAR 4: assigned [mem 0xbffe16000-0xbffe16fff 64bit]
Feb 29 10:44:30 VdacHUB kernel: 9pnet_virtio: no channels available for device drvfs
Feb 29 10:44:30 VdacHUB kernel: 9pnet_virtio: no channels available for device drvfs
Feb 29 10:44:30 VdacHUB kernel: hv_pci d7351f15-a607-4d25-b49d-b438ef895091: PCI VMBus probing: Using version 0x10003
Feb 29 10:44:30 VdacHUB unknown: WSL (2) WARNING: mount: waiting for virtio device drvfs
Feb 29 10:44:30 VdacHUB kernel: 9pnet_virtio: no channels available for device drvfs
Feb 29 10:44:30 VdacHUB kernel: 9pnet_virtio: no channels available for device drvfs
Feb 29 10:44:30 VdacHUB kernel: hv_pci d7351f15-a607-4d25-b49d-b438ef895091: PCI host bridge to bus a607:00
Feb 29 10:44:30 VdacHUB kernel: pci_bus a607:00: root bus resource [mem 0xbffe18000-0xbffe1afff window]
Feb 29 10:44:30 VdacHUB kernel: 9pnet_virtio: no channels available for device drvfs
Feb 29 10:44:30 VdacHUB kernel: pci_bus a607:00: No busn resource found for root bus, will use [bus 00-ff]
Feb 29 10:44:30 VdacHUB kernel: pci a607:00:00.0: [1af4:1049] type 00 class 0x010000
Feb 29 10:44:30 VdacHUB kernel: pci a607:00:00.0: reg 0x10: [mem 0xbffe18000-0xbffe18fff 64bit]
Feb 29 10:44:30 VdacHUB kernel: pci a607:00:00.0: reg 0x18: [mem 0xbffe19000-0xbffe19fff 64bit]
Feb 29 10:44:30 VdacHUB kernel: pci a607:00:00.0: reg 0x20: [mem 0xbffe1a000-0xbffe1afff 64bit]
Feb 29 10:44:30 VdacHUB kernel: pci_bus a607:00: busn_res: [bus 00-ff] end is updated to 00
Feb 29 10:44:30 VdacHUB kernel: pci a607:00:00.0: BAR 0: assigned [mem 0xbffe18000-0xbffe18fff 64bit]
Feb 29 10:44:30 VdacHUB kernel: pci a607:00:00.0: BAR 2: assigned [mem 0xbffe19000-0xbffe19fff 64bit]
Feb 29 10:44:30 VdacHUB kernel: pci a607:00:00.0: BAR 4: assigned [mem 0xbffe1a000-0xbffe1afff 64bit]
Feb 29 10:44:30 VdacHUB kernel: 9pnet_virtio: no channels available for device drvfs
Feb 29 10:44:30 VdacHUB kernel: 9pnet_virtio: no channels available for device drvfs
Feb 29 10:44:30 VdacHUB kernel: hv_pci 405cca50-6e02-4511-9d15-329731fdbee4: PCI VMBus probing: Using version 0x10003
Feb 29 10:44:30 VdacHUB kernel: hv_pci 405cca50-6e02-4511-9d15-329731fdbee4: PCI host bridge to bus 6e02:00
Feb 29 10:44:30 VdacHUB kernel: pci_bus 6e02:00: root bus resource [mem 0xbffe1c000-0xbffe1efff window]
Feb 29 10:44:30 VdacHUB kernel: pci_bus 6e02:00: No busn resource found for root bus, will use [bus 00-ff]
Feb 29 10:44:30 VdacHUB kernel: pci 6e02:00:00.0: [1af4:1049] type 00 class 0x010000
Feb 29 10:44:30 VdacHUB kernel: pci 6e02:00:00.0: reg 0x10: [mem 0xbffe1c000-0xbffe1cfff 64bit]
Feb 29 10:44:30 VdacHUB kernel: pci 6e02:00:00.0: reg 0x18: [mem 0xbffe1d000-0xbffe1dfff 64bit]
Feb 29 10:44:30 VdacHUB kernel: pci 6e02:00:00.0: reg 0x20: [mem 0xbffe1e000-0xbffe1efff 64bit]
Feb 29 10:44:30 VdacHUB kernel: pci_bus 6e02:00: busn_res: [bus 00-ff] end is updated to 00
Feb 29 10:44:30 VdacHUB kernel: pci 6e02:00:00.0: BAR 0: assigned [mem 0xbffe1c000-0xbffe1cfff 64bit]
Feb 29 10:44:30 VdacHUB kernel: pci 6e02:00:00.0: BAR 2: assigned [mem 0xbffe1d000-0xbffe1dfff 64bit]
Feb 29 10:44:30 VdacHUB kernel: pci 6e02:00:00.0: BAR 4: assigned [mem 0xbffe1e000-0xbffe1efff 64bit]
Feb 29 10:44:30 VdacHUB kernel: misc dxg: dxgk: dxgkio_query_adapter_info: Ioctl failed: -22
Feb 29 10:44:30 VdacHUB kernel: misc dxg: dxgk: dxgkio_query_adapter_info: Ioctl failed: -22
Feb 29 10:44:30 VdacHUB kernel: misc dxg: dxgk: dxgkio_query_adapter_info: Ioctl failed: -22
Feb 29 10:44:30 VdacHUB kernel: misc dxg: dxgk: dxgkio_query_adapter_info: Ioctl failed: -2
Feb 29 10:44:30 VdacHUB kernel: hv_pci 85e12155-b797-4c6a-94c4-b59b468a4b95: PCI VMBus probing: Using version 0x10003
Feb 29 10:44:30 VdacHUB kernel: hv_pci 85e12155-b797-4c6a-94c4-b59b468a4b95: PCI host bridge to bus b797:00
Feb 29 10:44:30 VdacHUB kernel: pci_bus b797:00: root bus resource [mem 0xbffe20000-0xbffe22fff window]
Feb 29 10:44:30 VdacHUB kernel: pci_bus b797:00: No busn resource found for root bus, will use [bus 00-ff]
Feb 29 10:44:30 VdacHUB kernel: pci b797:00:00.0: [1af4:1049] type 00 class 0x010000
Feb 29 10:44:30 VdacHUB kernel: pci b797:00:00.0: reg 0x10: [mem 0xbffe20000-0xbffe20fff 64bit]
Feb 29 10:44:30 VdacHUB kernel: pci b797:00:00.0: reg 0x18: [mem 0xbffe21000-0xbffe21fff 64bit]
Feb 29 10:44:30 VdacHUB kernel: pci b797:00:00.0: reg 0x20: [mem 0xbffe22000-0xbffe22fff 64bit]
Feb 29 10:44:30 VdacHUB kernel: pci_bus b797:00: busn_res: [bus 00-ff] end is updated to 00
Feb 29 10:44:30 VdacHUB kernel: pci b797:00:00.0: BAR 0: assigned [mem 0xbffe20000-0xbffe20fff 64bit]
Feb 29 10:44:30 VdacHUB kernel: pci b797:00:00.0: BAR 2: assigned [mem 0xbffe21000-0xbffe21fff 64bit]
Feb 29 10:44:30 VdacHUB kernel: pci b797:00:00.0: BAR 4: assigned [mem 0xbffe22000-0xbffe22fff 64bit]
Feb 29 10:44:30 VdacHUB unknown: Failed to connect to bus: No such file or directory
Feb 29 10:44:30 VdacHUB unknown: Failed to connect to bus: No such file or directory
Feb 29 10:44:30 VdacHUB unknown: Failed to connect to bus: No such file or directory
Feb 29 10:44:30 VdacHUB systemd-journald[52]: Journal started
Feb 29 10:44:30 VdacHUB systemd-journald[52]: Runtime Journal (/run/log/journal/268ac7f2d089418e8236a3c28381bdcc) is 8.0M, max 194.4M, 186.4M free.
Feb 29 10:44:30 VdacHUB systemd-sysctl[62]: Couldn't write '176' to 'kernel/sysrq', ignoring: No such file or directory
Feb 29 10:44:30 VdacHUB systemd-sysctl[62]: Couldn't write '1' to 'kernel/yama/ptrace_scope', ignoring: No such file or directory
Feb 29 10:44:30 VdacHUB systemd[1]: Starting Flush Journal to Persistent Storage...
Feb 29 10:44:30 VdacHUB systemd-journald[52]: Time spent on flushing to /var/log/journal/268ac7f2d089418e8236a3c28381bdcc is 332.787ms for 548 entries.
Feb 29 10:44:30 VdacHUB systemd-journald[52]: System Journal (/var/log/journal/268ac7f2d089418e8236a3c28381bdcc) is 48.0M, max 4.0G, 3.9G free.
Feb 29 10:44:30 VdacHUB systemd[1]: Finished Coldplug All udev Devices.
Feb 29 10:44:31 VdacHUB systemd[1]: Finished Create System Users.
Feb 29 10:44:31 VdacHUB systemd[1]: Starting Create Static Device Nodes in /dev...
Feb 29 10:44:31 VdacHUB systemd[1]: Finished Create Static Device Nodes in /dev.
Feb 29 10:44:31 VdacHUB systemd[1]: Reached target Preparation for Local File Systems.
Feb 29 10:44:31 VdacHUB systemd[1]: snap.mount: Directory /snap to mount over is not empty, mounting anyway.
Feb 29 10:44:31 VdacHUB systemd[1]: Mounting Ensure that the snap directory shares mount events....
Feb 29 10:44:31 VdacHUB systemd[1]: Starting Rule-based Manager for Device Events and Files...
Feb 29 10:44:31 VdacHUB systemd[1]: Mounted Ensure that the snap directory shares mount events..
Feb 29 10:44:31 VdacHUB systemd[1]: Mounting Mount unit for bare, revision 5...
Feb 29 10:44:31 VdacHUB systemd[1]: Mounting Mount unit for core22, revision 607...
Feb 29 10:44:31 VdacHUB systemd[1]: Mounting Mount unit for core22, revision 864...
Feb 29 10:44:31 VdacHUB systemd[1]: Mounting Mount unit for gtk-common-themes, revision 1535...
Feb 29 10:44:31 VdacHUB systemd[1]: Mounting Mount unit for snapd, revision 18933...
Feb 29 10:44:31 VdacHUB systemd[1]: Mounting Mount unit for ubuntu-desktop-installer, revision 1271...
Feb 29 10:44:31 VdacHUB systemd[1]: Mounting Mount unit for ubuntu-desktop-installer, revision 967...
Feb 29 10:44:31 VdacHUB systemd[1]: Mounted Mount unit for bare, revision 5.
Feb 29 10:44:31 VdacHUB systemd[1]: Mounted Mount unit for core22, revision 607.
Feb 29 10:44:31 VdacHUB systemd[1]: Mounted Mount unit for core22, revision 864.
Feb 29 10:44:31 VdacHUB systemd[1]: Mounted Mount unit for gtk-common-themes, revision 1535.
Feb 29 10:44:31 VdacHUB systemd[1]: Mounted Mount unit for snapd, revision 18933.
Feb 29 10:44:31 VdacHUB systemd[1]: Mounted Mount unit for ubuntu-desktop-installer, revision 1271.
Feb 29 10:44:31 VdacHUB systemd[1]: Mounted Mount unit for ubuntu-desktop-installer, revision 967.
Feb 29 10:44:31 VdacHUB systemd[1]: Reached target Mounted snaps.
Feb 29 10:44:31 VdacHUB systemd[1]: Reached target Local File Systems.
Feb 29 10:44:31 VdacHUB systemd[1]: Condition check resulted in Load AppArmor profiles being skipped.
Feb 29 10:44:31 VdacHUB systemd[1]: Starting Set console font and keymap...
Feb 29 10:44:31 VdacHUB systemd[1]: Starting Tell Plymouth To Write Out Runtime Data...
Feb 29 10:44:31 VdacHUB systemd[1]: Condition check resulted in Load AppArmor profiles managed internally by snapd being skipped.
Feb 29 10:44:31 VdacHUB systemd[1]: Condition check resulted in Store a System Token in an EFI Variable being skipped.
Feb 29 10:44:31 VdacHUB systemd[1]: Condition check resulted in Commit a transient machine-id on disk being skipped.
Feb 29 10:44:31 VdacHUB systemd[1]: Starting Uncomplicated firewall...
Feb 29 10:44:31 VdacHUB systemd[1]: Finished Set console font and keymap.
Feb 29 10:44:31 VdacHUB systemd[1]: Finished Uncomplicated firewall.
Feb 29 10:44:31 VdacHUB systemd[1]: Reached target Preparation for Network.
Feb 29 10:44:31 VdacHUB systemd[1]: Finished Tell Plymouth To Write Out Runtime Data.
Feb 29 10:44:31 VdacHUB systemd[1]: Finished Flush Journal to Persistent Storage.
Feb 29 10:44:31 VdacHUB systemd[1]: Starting Create Volatile Files and Directories...
Feb 29 10:44:31 VdacHUB systemd[1]: Finished Create Volatile Files and Directories.
Feb 29 10:44:31 VdacHUB systemd[1]: Starting Network Name Resolution...
Feb 29 10:44:31 VdacHUB systemd[1]: Condition check resulted in Network Time Synchronization being skipped.
Feb 29 10:44:31 VdacHUB systemd[1]: Reached target System Time Set.
Feb 29 10:44:31 VdacHUB systemd[1]: Starting Record System Boot/Shutdown in UTMP...
Feb 29 10:44:31 VdacHUB systemd[1]: Condition check resulted in WSLg Remount Service being skipped.
Feb 29 10:44:31 VdacHUB systemd[1]: Finished Record System Boot/Shutdown in UTMP.
Feb 29 10:44:31 VdacHUB systemd[1]: Started Rule-based Manager for Device Events and Files.
Feb 29 10:44:31 VdacHUB systemd[1]: Condition check resulted in Show Plymouth Boot Screen being skipped.
Feb 29 10:44:31 VdacHUB systemd[1]: Started Dispatch Password Requests to Console Directory Watch.
Feb 29 10:44:31 VdacHUB systemd[1]: Condition check resulted in Forward Password Requests to Plymouth Directory Watch being skipped.
Feb 29 10:44:31 VdacHUB systemd[1]: Reached target Local Encrypted Volumes.
Feb 29 10:44:32 VdacHUB systemd[1]: Reached target System Initialization.
Feb 29 10:44:32 VdacHUB systemd[1]: Condition check resulted in Process error reports when automatic reporting is enabled (file watch) being skipped.
Feb 29 10:44:32 VdacHUB systemd[1]: Condition check resulted in Process error reports when automatic reporting is enabled (timer based) being skipped.
Feb 29 10:44:32 VdacHUB systemd[1]: Started Daily apt download activities.
Feb 29 10:44:32 VdacHUB systemd[1]: Started Daily apt upgrade and clean activities.
Feb 29 10:44:32 VdacHUB systemd[1]: Started Daily dpkg database backup timer.
Feb 29 10:44:32 VdacHUB systemd[1]: Started Periodic ext4 Online Metadata Check for All Filesystems.
Feb 29 10:44:32 VdacHUB systemd[1]: Condition check resulted in Discard unused blocks once a week being skipped.
Feb 29 10:44:32 VdacHUB systemd[1]: Started Daily rotation of log files.
Feb 29 10:44:32 VdacHUB systemd[1]: Started Daily man-db regeneration.
Feb 29 10:44:32 VdacHUB systemd[1]: Started Message of the Day.
Feb 29 10:44:32 VdacHUB systemd[1]: Condition check resulted in Timer to automatically fetch and run repair assertions being skipped.
Feb 29 10:44:32 VdacHUB systemd[1]: Started Daily Cleanup of Temporary Directories.
Feb 29 10:44:32 VdacHUB systemd-udevd[128]: Using default interface naming scheme 'v249'.
Feb 29 10:44:32 VdacHUB systemd[1]: Condition check resulted in Ubuntu Pro Timer for running repeated jobs being skipped.
Feb 29 10:44:32 VdacHUB systemd[1]: Reached target Path Units.
Feb 29 10:44:32 VdacHUB systemd[1]: Reached target Timer Units.
Feb 29 10:44:32 VdacHUB systemd[1]: Listening on Unix socket for apport crash forwarding.
Feb 29 10:44:32 VdacHUB systemd[1]: Listening on D-Bus System Message Bus Socket.
Feb 29 10:44:32 VdacHUB systemd[1]: Starting Socket activation for snappy daemon...
Feb 29 10:44:32 VdacHUB systemd[1]: Listening on UUID daemon activation socket.
Feb 29 10:44:32 VdacHUB systemd[1]: Listening on Socket activation for snappy daemon.
Feb 29 10:44:32 VdacHUB systemd[1]: Reached target Socket Units.
Feb 29 10:44:32 VdacHUB systemd[1]: Reached target Basic System.
Feb 29 10:44:32 VdacHUB systemd[1]: System is tainted: cgroupsv1
Feb 29 10:44:32 VdacHUB systemd[1]: Starting LSB: automatic crash report generation...
